******************************************************************************
                  TI ARM Linker PC v20.2.7                     
******************************************************************************
>> Linked Mon Oct 30 13:13:59 2023

OUTPUT FILE NAME:   <CANBasedBootloader.out>
ENTRY POINT SYMBOL: "_c_int00_noargs"  address: 00031171


MEMORY CONFIGURATION

         name            origin    length      used     unused   attr    fill
----------------------  --------  ---------  --------  --------  ----  --------
  FLASH                 00000000   00040000  000314dc  0000eb24  R  X
  SRAM                  20000000   00008000  000030f4  00004f0c  RW X


SEGMENT ALLOCATION MAP

run origin  load origin   length   init length attrs members
----------  ----------- ---------- ----------- ----- -------
00000000    00000000    00030000   00000000    rw-
  00000000    00000000    0000fffc   00000000    rw- .RunPACK1
  00010000    00010000    00010000   00000000    rw- .UpPACK2
  00020000    00020000    00010000   00000000    rw- .UpPACK3
00030000    00030000    000014d8   000014d8    r-x
  00030000    00030000    0000026c   0000026c    r-- .intvecs
  0003026c    0003026c    000010cc   000010cc    r-x .text
  00031338    00031338    00000130   00000130    r-- .const
  00031468    00031468    00000070   00000070    r-- .cinit
0003fff8    0003fff8    00000008   00000000    rw-
  0003fff8    0003fff8    00000008   00000000    rw- .RunFlag
20000000    20000000    000030f4   00000000    rw-
  20000000    20000000    00002ee0   00000000    rw- .bss
  20002ee0    20002ee0    00000200   00000000    rw- .stack
  200030e0    200030e0    00000014   00000000    rw- .data


SECTION ALLOCATION MAP

 output                                  attributes/
section   page    origin      length       input sections
--------  ----  ----------  ----------   ----------------
.RunPACK1 
*          0    00000000    0000fffc     UNINITIALIZED
                  00000000    0000fffc     main.obj (.RunPACK1)

.UpPACK2   0    00010000    00010000     UNINITIALIZED
                  00010000    00010000     main.obj (.UpPACK2)

.UpPACK3   0    00020000    00010000     UNINITIALIZED
                  00020000    00010000     main.obj (.UpPACK3)

.intvecs   0    00030000    0000026c     
                  00030000    0000026c     tm4c123gh6pm_startup_ccs.obj (.intvecs)

.text      0    0003026c    000010cc     
                  0003026c    00000548     rx.obj (.text)
                  000307b4    0000016c     driverlib.lib : gpio.obj (.text:GPIOPadConfigSet)
                  00030920    00000130                   : can.obj (.text:CANMessageSet)
                  00030a50    00000118                   : sysctl.obj (.text:SysCtlClockGet)
                  00030b68    00000116                   : can.obj (.text:CANMessageGet)
                  00030c7e    00000002     --HOLE-- [fill = 0]
                  00030c80    000000f4                   : sysctl.obj (.text:SysCtlClockSet)
                  00030d74    0000009c     rtsv7M4_T_le_v4SPD16_eabi.lib : memcpy_t2.asm.obj (.text)
                  00030e10    0000007a                                   : memset_t2.asm.obj (.text)
                  00030e8a    00000002     --HOLE-- [fill = 0]
                  00030e8c    0000006c     driverlib.lib : can.obj (.text:CANBitRateSet)
                  00030ef8    00000068                   : flash.obj (.text:FlashProgram)
                  00030f60    00000068                   : interrupt.obj (.text:IntEnable)
                  00030fc8    00000068     rtsv7M4_T_le_v4SPD16_eabi.lib : copy_decompress_lzss.c.obj (.text:decompress:lzss:__TI_decompress_lzss)
                  00031030    0000004c     driverlib.lib : gpio.obj (.text:GPIOPinConfigure)
                  0003107c    00000044     rtsv7M4_T_le_v4SPD16_eabi.lib : autoinit.c.obj (.text:__TI_auto_init_nobinit_nopinit:__TI_auto_init_nobinit_nopinit)
                  000310c0    00000040     driverlib.lib : can.obj (.text:CANStatusGet)
                  00031100    0000003a                   : can.obj (.text:CANInit)
                  0003113a    00000002     --HOLE-- [fill = 0]
                  0003113c    00000034                   : sysctl.obj (.text:SysCtlPeripheralEnable)
                  00031170    00000034     rtsv7M4_T_le_v4SPD16_eabi.lib : boot_cortex_m.c.obj (.text:_c_int00_noargs:_c_int00_noargs)
                  000311a4    00000030     driverlib.lib : flash.obj (.text:FlashErase)
                  000311d4    0000002c                   : gpio.obj (.text:GPIODirModeSet)
                  00031200    0000002a                   : can.obj (.text:_CANDataRegRead)
                  0003122a    00000024                   : can.obj (.text:_CANDataRegWrite)
                  0003124e    00000022                   : can.obj (.text:CANIntClear)
                  00031270    00000020                   : can.obj (.text:CANIntStatus)
                  00031290    0000001a                   : gpio.obj (.text:GPIOPinTypeGPIOOutput)
                  000312aa    00000002     --HOLE-- [fill = 0]
                  000312ac    00000018     main.obj (.text)
                  000312c4    00000016     driverlib.lib : gpio.obj (.text:GPIOPinTypeCAN)
                  000312da    00000002     --HOLE-- [fill = 0]
                  000312dc    00000010                   : sysctl.obj (.text:SysCtlReset)
                  000312ec    0000000e     rtsv7M4_T_le_v4SPD16_eabi.lib : copy_decompress_none.c.obj (.text:decompress:none:__TI_decompress_none)
                  000312fa    0000000c                                   : copy_zero_init.c.obj (.text:decompress:ZI:__TI_zero_init)
                  00031306    0000000c     tm4c123gh6pm_startup_ccs.obj (.text)
                  00031312    0000000a     driverlib.lib : can.obj (.text:CANEnable)
                  0003131c    00000008                   : can.obj (.text:CANIntEnable)
                  00031324    00000006                   : gpio.obj (.text:GPIOPinWrite)
                  0003132a    00000006                   : sysctl.obj (.text:SysCtlDelay)
                  00031330    00000004     rtsv7M4_T_le_v4SPD16_eabi.lib : pre_init.c.obj (.text:_system_pre_init)
                  00031334    00000004                                   : exit.c.obj (.text:abort:abort)

.const     0    00031338    00000130     
                  00031338    00000090     driverlib.lib : gpio.obj (.const:g_pui32GPIOBaseAddrs)
                  000313c8    0000006c                   : sysctl.obj (.const:g_pui32Xtals)
                  00031434    00000020                   : can.obj (.const:g_ui16CANBitValues)
                  00031454    00000014                   : interrupt.obj (.const:g_pui32EnRegs)

.cinit     0    00031468    00000070     
                  00031468    0000000c     (__TI_handler_table)
                  00031474    0000000b     (.cinit..data.load) [load image, compression = lzss]
                  0003147f    00000001     --HOLE-- [fill = 0]
                  00031480    00000008     (.cinit..RunFlag.load) [load image, compression = zero_init]
                  00031488    00000008     (.cinit..RunPACK1.load) [load image, compression = zero_init]
                  00031490    00000008     (.cinit..UpPACK2.load) [load image, compression = zero_init]
                  00031498    00000008     (.cinit..UpPACK3.load) [load image, compression = zero_init]
                  000314a0    00000008     (.cinit..bss.load) [load image, compression = zero_init]
                  000314a8    00000030     (__TI_cinit_table)

.RunFlag   0    0003fff8    00000008     UNINITIALIZED
                  0003fff8    00000008     main.obj (.RunFlag)

.init_array 
*          0    00000000    00000000     UNINITIALIZED

.bss       0    20000000    00002ee0     UNINITIALIZED
                  20000000    00002ee0     (.common:data)

.data      0    200030e0    00000014     UNINITIALIZED
                  200030e0    00000014     rx.obj (.data)

.stack     0    20002ee0    00000200     UNINITIALIZED
                  20002ee0    00000004     rtsv7M4_T_le_v4SPD16_eabi.lib : boot_cortex_m.c.obj (.stack)
                  20002ee4    000001fc     --HOLE--

__llvm_prf_cnts 
*          0    20000000    00000000     UNINITIALIZED

MODULE SUMMARY

       Module                         code   ro data   rw data
       ------                         ----   -------   -------
    .\
       main.obj                       24     0         196612 
       tm4c123gh6pm_startup_ccs.obj   12     620       0      
    +--+------------------------------+------+---------+---------+
       Total:                         36     620       196612 
                                                              
    .\Reciever\
       rx.obj                         1352   0         12020  
    +--+------------------------------+------+---------+---------+
       Total:                         1352   0         12020  
                                                              
    C:/ti/TivaWare_C_Series-2.2.0.295/driverlib/ccs/Debug/driverlib.lib
       can.obj                        974    32        0      
       sysctl.obj                     598    108       0      
       gpio.obj                       538    144       0      
       flash.obj                      152    0         0      
       interrupt.obj                  104    20        0      
    +--+------------------------------+------+---------+---------+
       Total:                         2366   304       0      
                                                              
    C:\ti\ccs1240\ccs\tools\compiler\ti-cgt-arm_20.2.7.LTS\lib\rtsv7M4_T_le_v4SPD16_eabi.lib
       memcpy_t2.asm.obj              156    0         0      
       memset_t2.asm.obj              122    0         0      
       copy_decompress_lzss.c.obj     104    0         0      
       autoinit.c.obj                 68     0         0      
       boot_cortex_m.c.obj            52     0         0      
       copy_decompress_none.c.obj     14     0         0      
       copy_zero_init.c.obj           12     0         0      
       exit.c.obj                     4      0         0      
       pre_init.c.obj                 4      0         0      
    +--+------------------------------+------+---------+---------+
       Total:                         536    0         0      
                                                              
       Stack:                         0      0         512    
       Linker Generated:              0      111       0      
    +--+------------------------------+------+---------+---------+
       Grand Total:                   4290   1035      209144 


LINKER GENERATED COPY TABLES

__TI_cinit_table @ 000314a8 records: 6, size/record: 8, table size: 48
	.data: load addr=00031474, load size=0000000b bytes, run addr=200030e0, run size=00000014 bytes, compression=lzss
	.RunFlag: load addr=00031480, load size=00000008 bytes, run addr=0003fff8, run size=00000008 bytes, compression=zero_init
	.RunPACK1: load addr=00031488, load size=00000008 bytes, run addr=00000000, run size=0000fffc bytes, compression=zero_init
	.UpPACK2: load addr=00031490, load size=00000008 bytes, run addr=00010000, run size=00010000 bytes, compression=zero_init
	.UpPACK3: load addr=00031498, load size=00000008 bytes, run addr=00020000, run size=00010000 bytes, compression=zero_init
	.bss: load addr=000314a0, load size=00000008 bytes, run addr=20000000, run size=00002ee0 bytes, compression=zero_init


LINKER GENERATED HANDLER TABLE

__TI_handler_table @ 00031468 records: 3, size/record: 4, table size: 12
	index: 0, handler: __TI_zero_init
	index: 1, handler: __TI_decompress_lzss
	index: 2, handler: __TI_decompress_none


GLOBAL SYMBOLS: SORTED ALPHABETICALLY BY Name 

address   name                          
-------   ----                          
00031335  C$$EXIT                       
00030e8d  CANBitRateSet                 
00031313  CANEnable                     
00031101  CANInit                       
0003124f  CANIntClear                   
0003131d  CANIntEnable                  
000302df  CANIntHandler                 
00031271  CANIntStatus                  
00030b69  CANMessageGet                 
00030921  CANMessageSet                 
000310c1  CANStatusGet                  
000311a5  FlashErase                    
00030ef9  FlashProgram                  
000311d5  GPIODirModeSet                
000307b5  GPIOPadConfigSet              
00031031  GPIOPinConfigure              
000312c5  GPIOPinTypeCAN                
00031291  GPIOPinTypeGPIOOutput         
00031325  GPIOPinWrite                  
00030f61  IntEnable                     
000303ed  RX                            
00010000  ReadyAPP1                     
00020000  ReadyAPP2                     
00031307  ResetISR                      
00000000  RunningAPP                    
0003fff8  RunningFlag                   
00030a51  SysCtlClockGet                
00030c81  SysCtlClockSet                
0003132b  SysCtlDelay                   
0003113d  SysCtlPeripheralEnable        
000312dd  SysCtlReset                   
200030e0  __STACK_END                   
00000200  __STACK_SIZE                  
200030e0  __STACK_TOP                   
000314a8  __TI_CINIT_Base               
000314d8  __TI_CINIT_Limit              
00031468  __TI_Handler_Table_Base       
00031474  __TI_Handler_Table_Limit      
0003107d  __TI_auto_init_nobinit_nopinit
00030fc9  __TI_decompress_lzss          
000312ed  __TI_decompress_none          
ffffffff  __TI_pprof_out_hndl           
ffffffff  __TI_prof_data_size           
ffffffff  __TI_prof_data_start          
00000000  __TI_static_base__            
000312fb  __TI_zero_init                
00030e11  __aeabi_memclr                
00030e11  __aeabi_memclr4               
00030e11  __aeabi_memclr8               
00030d75  __aeabi_memcpy                
00030d75  __aeabi_memcpy4               
00030d75  __aeabi_memcpy8               
00030e13  __aeabi_memset                
00030e13  __aeabi_memset4               
00030e13  __aeabi_memset8               
ffffffff  __binit__                     
ffffffff  __c_args__                    
UNDEFED   __mpu_init                    
20002ee0  __stack                       
20000000  __start___llvm_prf_cnts       
20000000  __stop___llvm_prf_cnts        
00031171  _c_int00_noargs               
UNDEFED   _system_post_cinit            
00031331  _system_pre_init              
00031335  abort                         
ffffffff  binit                         
200030ec  canErrorFlag                  
20000000  data                          
200030e9  dataEnd                       
200030e8  dataFrameReceived             
200030eb  dataLenHere                   
200030e4  dataReceivedLength            
200030ea  dataStart                     
200030e0  flashToBank                   
00030000  g_pfnVectors                  
200030f0  imgSize                       
000312ad  main                          
00030d75  memcpy                        
00030e19  memset                        
0003039d  moveApptoRun                  
200030ed  resetFrame                    


GLOBAL SYMBOLS: SORTED BY Symbol Address 

address   name                          
-------   ----                          
00000000  RunningAPP                    
00000000  __TI_static_base__            
00000200  __STACK_SIZE                  
00010000  ReadyAPP1                     
00020000  ReadyAPP2                     
00030000  g_pfnVectors                  
000302df  CANIntHandler                 
0003039d  moveApptoRun                  
000303ed  RX                            
000307b5  GPIOPadConfigSet              
00030921  CANMessageSet                 
00030a51  SysCtlClockGet                
00030b69  CANMessageGet                 
00030c81  SysCtlClockSet                
00030d75  __aeabi_memcpy                
00030d75  __aeabi_memcpy4               
00030d75  __aeabi_memcpy8               
00030d75  memcpy                        
00030e11  __aeabi_memclr                
00030e11  __aeabi_memclr4               
00030e11  __aeabi_memclr8               
00030e13  __aeabi_memset                
00030e13  __aeabi_memset4               
00030e13  __aeabi_memset8               
00030e19  memset                        
00030e8d  CANBitRateSet                 
00030ef9  FlashProgram                  
00030f61  IntEnable                     
00030fc9  __TI_decompress_lzss          
00031031  GPIOPinConfigure              
0003107d  __TI_auto_init_nobinit_nopinit
000310c1  CANStatusGet                  
00031101  CANInit                       
0003113d  SysCtlPeripheralEnable        
00031171  _c_int00_noargs               
000311a5  FlashErase                    
000311d5  GPIODirModeSet                
0003124f  CANIntClear                   
00031271  CANIntStatus                  
00031291  GPIOPinTypeGPIOOutput         
000312ad  main                          
000312c5  GPIOPinTypeCAN                
000312dd  SysCtlReset                   
000312ed  __TI_decompress_none          
000312fb  __TI_zero_init                
00031307  ResetISR                      
00031313  CANEnable                     
0003131d  CANIntEnable                  
00031325  GPIOPinWrite                  
0003132b  SysCtlDelay                   
00031331  _system_pre_init              
00031335  C$$EXIT                       
00031335  abort                         
00031468  __TI_Handler_Table_Base       
00031474  __TI_Handler_Table_Limit      
000314a8  __TI_CINIT_Base               
000314d8  __TI_CINIT_Limit              
0003fff8  RunningFlag                   
20000000  __start___llvm_prf_cnts       
20000000  __stop___llvm_prf_cnts        
20000000  data                          
20002ee0  __stack                       
200030e0  __STACK_END                   
200030e0  __STACK_TOP                   
200030e0  flashToBank                   
200030e4  dataReceivedLength            
200030e8  dataFrameReceived             
200030e9  dataEnd                       
200030ea  dataStart                     
200030eb  dataLenHere                   
200030ec  canErrorFlag                  
200030ed  resetFrame                    
200030f0  imgSize                       
ffffffff  __TI_pprof_out_hndl           
ffffffff  __TI_prof_data_size           
ffffffff  __TI_prof_data_start          
ffffffff  __binit__                     
ffffffff  __c_args__                    
ffffffff  binit                         
UNDEFED   __mpu_init                    
UNDEFED   _system_post_cinit            

[81 symbols]
