******************************************************************************
                  TI ARM Linker PC v20.2.7                     
******************************************************************************
>> Linked Fri Oct 20 19:51:43 2023

OUTPUT FILE NAME:   <CANBasedBootloader.out>
ENTRY POINT SYMBOL: "_c_int00_noargs"  address: 00000fcd


MEMORY CONFIGURATION

         name            origin    length      used     unused   attr    fill
----------------------  --------  ---------  --------  --------  ----  --------
  FLASH                 00000000   00040000  000013a4  0003ec5c  R  X
  SRAM                  20000000   00008000  0000197c  00006684  RW X


SEGMENT ALLOCATION MAP

run origin  load origin   length   init length attrs members
----------  ----------- ---------- ----------- ----- -------
00000000    00000000    000013a8   000013a8    r-x
  00000000    00000000    0000026c   0000026c    r-- .intvecs
  0000026c    0000026c    00000f48   00000f48    r-x .text
  000011b4    000011b4    000001b0   000001b0    r-- .const
  00001368    00001368    00000040   00000040    r-- .cinit
20000000    20000000    00001980   00000000    rw-
  20000000    20000000    0000026c   00000000    rw- .vtable
  2000026c    2000026c    000014f8   00000000    rw- .bss
  20001768    20001768    00000200   00000000    rw- .stack
  20001968    20001968    00000018   00000000    rw- .data


SECTION ALLOCATION MAP

 output                                  attributes/
section   page    origin      length       input sections
--------  ----  ----------  ----------   ----------------
.intvecs   0    00000000    0000026c     
                  00000000    0000026c     tm4c123gh6pm_startup_ccs.obj (.intvecs)

.text      0    0000026c    00000f48     
                  0000026c    0000040c     tx.obj (.text)
                  00000678    0000016c     driverlib.lib : gpio.obj (.text:GPIOPadConfigSet)
                  000007e4    00000130                   : can.obj (.text:CANMessageSet)
                  00000914    00000118                   : sysctl.obj (.text:SysCtlClockGet)
                  00000a2c    000000f4                   : sysctl.obj (.text:SysCtlClockSet)
                  00000b20    0000009c     rtsv7M4_T_le_v4SPD16_eabi.lib : memcpy_t2.asm.obj (.text)
                  00000bbc    0000007a                                   : memset_t2.asm.obj (.text)
                  00000c36    00000002     --HOLE-- [fill = 0]
                  00000c38    0000006c     driverlib.lib : can.obj (.text:CANBitRateSet)
                  00000ca4    00000068                   : interrupt.obj (.text:IntEnable)
                  00000d0c    00000068     rtsv7M4_T_le_v4SPD16_eabi.lib : copy_decompress_lzss.c.obj (.text:decompress:lzss:__TI_decompress_lzss)
                  00000d74    0000005c     driverlib.lib : can.obj (.text:_CANIntNumberGet)
                  00000dd0    0000004c                   : gpio.obj (.text:GPIOPinConfigure)
                  00000e1c    00000046                   : uart.obj (.text:UARTConfigSetExpClk)
                  00000e62    00000002     --HOLE-- [fill = 0]
                  00000e64    00000044     rtsv7M4_T_le_v4SPD16_eabi.lib : autoinit.c.obj (.text:__TI_auto_init_nobinit_nopinit:__TI_auto_init_nobinit_nopinit)
                  00000ea8    00000040     driverlib.lib : can.obj (.text:CANStatusGet)
                  00000ee8    00000040                   : uart.obj (.text:_UARTIntNumberGet)
                  00000f28    0000003a                   : can.obj (.text:CANInit)
                  00000f62    00000002     --HOLE-- [fill = 0]
                  00000f64    00000034                   : interrupt.obj (.text:IntRegister)
                  00000f98    00000034                   : sysctl.obj (.text:SysCtlPeripheralEnable)
                  00000fcc    00000034     rtsv7M4_T_le_v4SPD16_eabi.lib : boot_cortex_m.c.obj (.text:_c_int00_noargs:_c_int00_noargs)
                  00001000    0000002c     driverlib.lib : gpio.obj (.text:GPIODirModeSet)
                  0000102c    00000024                   : can.obj (.text:_CANDataRegWrite)
                  00001050    00000022                   : can.obj (.text:CANIntClear)
                  00001072    00000020                   : can.obj (.text:CANIntStatus)
                  00001092    00000002     --HOLE-- [fill = 0]
                  00001094    00000020                   : uart.obj (.text:UARTDisable)
                  000010b4    0000001a                   : gpio.obj (.text:GPIOPinTypeGPIOOutput)
                  000010ce    00000018                   : can.obj (.text:CANIntRegister)
                  000010e6    00000018                   : uart.obj (.text:UARTIntRegister)
                  000010fe    00000016                   : gpio.obj (.text:GPIOPinTypeCAN)
                  00001114    00000016                   : gpio.obj (.text:GPIOPinTypeUART)
                  0000112a    00000014                   : uart.obj (.text:UARTEnable)
                  0000113e    0000000e     rtsv7M4_T_le_v4SPD16_eabi.lib : copy_decompress_none.c.obj (.text:decompress:none:__TI_decompress_none)
                  0000114c    0000000c                                   : copy_zero_init.c.obj (.text:decompress:ZI:__TI_zero_init)
                  00001158    0000000c     tm4c123gh6pm_startup_ccs.obj (.text)
                  00001164    0000000a     driverlib.lib : can.obj (.text:CANEnable)
                  0000116e    0000000a                   : uart.obj (.text:UARTCharGet)
                  00001178    0000000a                   : uart.obj (.text:UARTFIFODisable)
                  00001182    0000000a     main.obj (.text)
                  0000118c    00000008     driverlib.lib : can.obj (.text:CANIntEnable)
                  00001194    00000008                   : uart.obj (.text:UARTIntEnable)
                  0000119c    00000006                   : gpio.obj (.text:GPIOPinWrite)
                  000011a2    00000006                   : sysctl.obj (.text:SysCtlDelay)
                  000011a8    00000004                   : uart.obj (.text:UARTIntClear)
                  000011ac    00000004     rtsv7M4_T_le_v4SPD16_eabi.lib : pre_init.c.obj (.text:_system_pre_init)
                  000011b0    00000004                                   : exit.c.obj (.text:abort:abort)

.const     0    000011b4    000001b0     
                  000011b4    00000090     driverlib.lib : gpio.obj (.const:g_pui32GPIOBaseAddrs)
                  00001244    0000006c                   : sysctl.obj (.const:g_pui32Xtals)
                  000012b0    00000040                   : uart.obj (.const:g_ppui32UARTIntMap)
                  000012f0    00000040                   : uart.obj (.const:g_ppui32UARTIntMapSnowflake)
                  00001330    00000020                   : can.obj (.const:g_ui16CANBitValues)
                  00001350    00000014                   : interrupt.obj (.const:g_pui32EnRegs)

.cinit     0    00001368    00000040     
                  00001368    0000000c     (.cinit..data.load) [load image, compression = lzss]
                  00001374    0000000c     (__TI_handler_table)
                  00001380    00000008     (.cinit..bss.load) [load image, compression = zero_init]
                  00001388    00000008     (.cinit..vtable.load) [load image, compression = zero_init]
                  00001390    00000018     (__TI_cinit_table)

.init_array 
*          0    00000000    00000000     UNINITIALIZED

.vtable    0    20000000    0000026c     UNINITIALIZED
                  20000000    0000026c     driverlib.lib : interrupt.obj (.vtable)

.bss       0    2000026c    000014f8     UNINITIALIZED
                  2000026c    000014f8     (.common:img_data)

.data      0    20001968    00000018     UNINITIALIZED
                  20001968    00000018     tx.obj (.data)

.stack     0    20001768    00000200     UNINITIALIZED
                  20001768    00000004     rtsv7M4_T_le_v4SPD16_eabi.lib : boot_cortex_m.c.obj (.stack)
                  2000176c    000001fc     --HOLE--

__llvm_prf_cnts 
*          0    20000000    00000000     UNINITIALIZED

MODULE SUMMARY

       Module                         code   ro data   rw data
       ------                         ----   -------   -------
    .\
       tm4c123gh6pm_startup_ccs.obj   12     620       0      
       main.obj                       10     0         0      
    +--+------------------------------+------+---------+---------+
       Total:                         22     620       0      
                                                              
    .\Sender\
       tx.obj                         1036   0         5392   
    +--+------------------------------+------+---------+---------+
       Total:                         1036   0         5392   
                                                              
    C:/ti/TivaWare_C_Series-2.2.0.295/driverlib/ccs/Debug/driverlib.lib
       can.obj                        770    32        0      
       interrupt.obj                  156    20        620    
       gpio.obj                       560    144       0      
       sysctl.obj                     582    108       0      
       uart.obj                       242    128       0      
    +--+------------------------------+------+---------+---------+
       Total:                         2310   432       620    
                                                              
    C:\ti\ccs1240\ccs\tools\compiler\ti-cgt-arm_20.2.7.LTS\lib\rtsv7M4_T_le_v4SPD16_eabi.lib
       memcpy_t2.asm.obj              156    0         0      
       memset_t2.asm.obj              122    0         0      
       copy_decompress_lzss.c.obj     104    0         0      
       autoinit.c.obj                 68     0         0      
       boot_cortex_m.c.obj            52     0         0      
       copy_decompress_none.c.obj     14     0         0      
       copy_zero_init.c.obj           12     0         0      
       exit.c.obj                     4      0         0      
       pre_init.c.obj                 4      0         0      
    +--+------------------------------+------+---------+---------+
       Total:                         536    0         0      
                                                              
       Stack:                         0      0         512    
       Linker Generated:              0      64        0      
    +--+------------------------------+------+---------+---------+
       Grand Total:                   3904   1116      6524   


LINKER GENERATED COPY TABLES

__TI_cinit_table @ 00001390 records: 3, size/record: 8, table size: 24
	.data: load addr=00001368, load size=0000000c bytes, run addr=20001968, run size=00000018 bytes, compression=lzss
	.bss: load addr=00001380, load size=00000008 bytes, run addr=2000026c, run size=000014f8 bytes, compression=zero_init
	.vtable: load addr=00001388, load size=00000008 bytes, run addr=20000000, run size=0000026c bytes, compression=zero_init


LINKER GENERATED HANDLER TABLE

__TI_handler_table @ 00001374 records: 3, size/record: 4, table size: 12
	index: 0, handler: __TI_zero_init
	index: 1, handler: __TI_decompress_lzss
	index: 2, handler: __TI_decompress_none


GLOBAL SYMBOLS: SORTED ALPHABETICALLY BY Name 

address   name                          
-------   ----                          
000011b1  C$$EXIT                       
00000c39  CANBitRateSet                 
00001165  CANEnable                     
00000f29  CANInit                       
00001051  CANIntClear                   
0000118d  CANIntEnable                  
00000279  CANIntHandler                 
000010cf  CANIntRegister                
00001073  CANIntStatus                  
000007e5  CANMessageSet                 
00000ea9  CANStatusGet                  
00001001  GPIODirModeSet                
00000679  GPIOPadConfigSet              
00000dd1  GPIOPinConfigure              
000010ff  GPIOPinTypeCAN                
000010b5  GPIOPinTypeGPIOOutput         
00001115  GPIOPinTypeUART               
0000119d  GPIOPinWrite                  
20001972  GetStopVal                    
00000ca5  IntEnable                     
00000f65  IntRegister                   
00001159  ResetISR                      
0000026d  SimpleDelay                   
20001973  StopVal                       
00000915  SysCtlClockGet                
00000a2d  SysCtlClockSet                
000011a3  SysCtlDelay                   
00000f99  SysCtlPeripheralEnable        
0000031d  TX                            
0000116f  UARTCharGet                   
00000e1d  UARTConfigSetExpClk           
00001095  UARTDisable                   
0000112b  UARTEnable                    
00001179  UARTFIFODisable               
000011a9  UARTIntClear                  
00001195  UARTIntEnable                 
000010e7  UARTIntRegister               
20001968  __STACK_END                   
00000200  __STACK_SIZE                  
20001968  __STACK_TOP                   
00001390  __TI_CINIT_Base               
000013a8  __TI_CINIT_Limit              
00001374  __TI_Handler_Table_Base       
00001380  __TI_Handler_Table_Limit      
00000e65  __TI_auto_init_nobinit_nopinit
00000d0d  __TI_decompress_lzss          
0000113f  __TI_decompress_none          
ffffffff  __TI_pprof_out_hndl           
ffffffff  __TI_prof_data_size           
ffffffff  __TI_prof_data_start          
00000000  __TI_static_base__            
0000114d  __TI_zero_init                
00000bbd  __aeabi_memclr                
00000bbd  __aeabi_memclr4               
00000bbd  __aeabi_memclr8               
00000b21  __aeabi_memcpy                
00000b21  __aeabi_memcpy4               
00000b21  __aeabi_memcpy8               
00000bbf  __aeabi_memset                
00000bbf  __aeabi_memset4               
00000bbf  __aeabi_memset8               
ffffffff  __binit__                     
ffffffff  __c_args__                    
UNDEFED   __mpu_init                    
20001768  __stack                       
20000000  __start___llvm_prf_cnts       
20000000  __stop___llvm_prf_cnts        
00000fcd  _c_int00_noargs               
UNDEFED   _system_post_cinit            
000011ad  _system_pre_init              
000011b1  abort                         
ffffffff  binit                         
20001978  counter                       
20001970  data                          
2000196e  end                           
20001971  flag                          
2000196c  g_bErrFlagTX                  
20000000  g_pfnRAMVectors               
00000000  g_pfnVectors                  
20001968  g_ui32MsgCountTX              
2000026c  img_data                      
20001974  index                         
00001183  main                          
00000b21  memcpy                        
00000bc5  memset                        
2000197c  ptr                           
0000058d  recHandler                    
2000196f  reset                         
2000196d  start                         


GLOBAL SYMBOLS: SORTED BY Symbol Address 

address   name                          
-------   ----                          
00000000  __TI_static_base__            
00000000  g_pfnVectors                  
00000200  __STACK_SIZE                  
0000026d  SimpleDelay                   
00000279  CANIntHandler                 
0000031d  TX                            
0000058d  recHandler                    
00000679  GPIOPadConfigSet              
000007e5  CANMessageSet                 
00000915  SysCtlClockGet                
00000a2d  SysCtlClockSet                
00000b21  __aeabi_memcpy                
00000b21  __aeabi_memcpy4               
00000b21  __aeabi_memcpy8               
00000b21  memcpy                        
00000bbd  __aeabi_memclr                
00000bbd  __aeabi_memclr4               
00000bbd  __aeabi_memclr8               
00000bbf  __aeabi_memset                
00000bbf  __aeabi_memset4               
00000bbf  __aeabi_memset8               
00000bc5  memset                        
00000c39  CANBitRateSet                 
00000ca5  IntEnable                     
00000d0d  __TI_decompress_lzss          
00000dd1  GPIOPinConfigure              
00000e1d  UARTConfigSetExpClk           
00000e65  __TI_auto_init_nobinit_nopinit
00000ea9  CANStatusGet                  
00000f29  CANInit                       
00000f65  IntRegister                   
00000f99  SysCtlPeripheralEnable        
00000fcd  _c_int00_noargs               
00001001  GPIODirModeSet                
00001051  CANIntClear                   
00001073  CANIntStatus                  
00001095  UARTDisable                   
000010b5  GPIOPinTypeGPIOOutput         
000010cf  CANIntRegister                
000010e7  UARTIntRegister               
000010ff  GPIOPinTypeCAN                
00001115  GPIOPinTypeUART               
0000112b  UARTEnable                    
0000113f  __TI_decompress_none          
0000114d  __TI_zero_init                
00001159  ResetISR                      
00001165  CANEnable                     
0000116f  UARTCharGet                   
00001179  UARTFIFODisable               
00001183  main                          
0000118d  CANIntEnable                  
00001195  UARTIntEnable                 
0000119d  GPIOPinWrite                  
000011a3  SysCtlDelay                   
000011a9  UARTIntClear                  
000011ad  _system_pre_init              
000011b1  C$$EXIT                       
000011b1  abort                         
00001374  __TI_Handler_Table_Base       
00001380  __TI_Handler_Table_Limit      
00001390  __TI_CINIT_Base               
000013a8  __TI_CINIT_Limit              
20000000  __start___llvm_prf_cnts       
20000000  __stop___llvm_prf_cnts        
20000000  g_pfnRAMVectors               
2000026c  img_data                      
20001768  __stack                       
20001968  __STACK_END                   
20001968  __STACK_TOP                   
20001968  g_ui32MsgCountTX              
2000196c  g_bErrFlagTX                  
2000196d  start                         
2000196e  end                           
2000196f  reset                         
20001970  data                          
20001971  flag                          
20001972  GetStopVal                    
20001973  StopVal                       
20001974  index                         
20001978  counter                       
2000197c  ptr                           
ffffffff  __TI_pprof_out_hndl           
ffffffff  __TI_prof_data_size           
ffffffff  __TI_prof_data_start          
ffffffff  __binit__                     
ffffffff  __c_args__                    
ffffffff  binit                         
UNDEFED   __mpu_init                    
UNDEFED   _system_post_cinit            

[89 symbols]
