******************************************************************************
                  TI ARM Linker PC v20.2.7                     
******************************************************************************
>> Linked Sat Sep 23 19:45:35 2023

OUTPUT FILE NAME:   <CANBasedBootloader.out>
ENTRY POINT SYMBOL: "_c_int00_noargs"  address: 00000f91


MEMORY CONFIGURATION

         name            origin    length      used     unused   attr    fill
----------------------  --------  ---------  --------  --------  ----  --------
  FLASH                 00000000   00040000  0000138e  0003ec72  R  X
  SRAM                  20000000   00008000  0000197c  00006684  RW X


SEGMENT ALLOCATION MAP

run origin  load origin   length   init length attrs members
----------  ----------- ---------- ----------- ----- -------
00000000    00000000    00001390   00001390    r-x
  00000000    00000000    0000026c   0000026c    r-- .intvecs
  0000026c    0000026c    00000f16   00000f16    r-x .text
  00001184    00001184    000001c4   000001c4    r-- .const
  00001348    00001348    00000048   00000048    r-- .cinit
20000000    20000000    00001980   00000000    rw-
  20000000    20000000    0000026c   00000000    rw- .vtable
  2000026c    2000026c    000014f8   00000000    rw- .bss
  20001768    20001768    00000200   00000000    rw- .stack
  20001968    20001968    00000018   00000000    rw- .data


SECTION ALLOCATION MAP

 output                                  attributes/
section   page    origin      length       input sections
--------  ----  ----------  ----------   ----------------
.intvecs   0    00000000    0000026c     
                  00000000    0000026c     tm4c123gh6pm_startup_ccs.obj (.intvecs)

.text      0    0000026c    00000f16     
                  0000026c    00000368     tx.obj (.text)
                  000005d4    0000016c     driverlib.lib : gpio.obj (.text:GPIOPadConfigSet)
                  00000740    00000130                   : can.obj (.text:CANMessageSet)
                  00000870    00000118                   : sysctl.obj (.text:SysCtlClockGet)
                  00000988    000000f4                   : sysctl.obj (.text:SysCtlClockSet)
                  00000a7c    0000009c     rtsv7M4_T_le_v4SPD16_eabi.lib : memcpy_t2.asm.obj (.text)
                  00000b18    0000007a                                   : memset_t2.asm.obj (.text)
                  00000b92    00000002     --HOLE-- [fill = 0]
                  00000b94    0000006c     driverlib.lib : can.obj (.text:CANBitRateSet)
                  00000c00    00000068                   : interrupt.obj (.text:IntDisable)
                  00000c68    00000068                   : interrupt.obj (.text:IntEnable)
                  00000cd0    00000068     rtsv7M4_T_le_v4SPD16_eabi.lib : copy_decompress_lzss.c.obj (.text:decompress:lzss:__TI_decompress_lzss)
                  00000d38    0000005c     driverlib.lib : can.obj (.text:_CANIntNumberGet)
                  00000d94    0000004c                   : gpio.obj (.text:GPIOPinConfigure)
                  00000de0    00000046                   : uart.obj (.text:UARTConfigSetExpClk)
                  00000e26    00000002     --HOLE-- [fill = 0]
                  00000e28    00000044     rtsv7M4_T_le_v4SPD16_eabi.lib : autoinit.c.obj (.text:__TI_auto_init_nobinit_nopinit:__TI_auto_init_nobinit_nopinit)
                  00000e6c    00000040     driverlib.lib : can.obj (.text:CANStatusGet)
                  00000eac    00000040                   : uart.obj (.text:_UARTIntNumberGet)
                  00000eec    0000003a                   : can.obj (.text:CANInit)
                  00000f26    00000002     --HOLE-- [fill = 0]
                  00000f28    00000034                   : interrupt.obj (.text:IntRegister)
                  00000f5c    00000034                   : sysctl.obj (.text:SysCtlPeripheralEnable)
                  00000f90    00000034     rtsv7M4_T_le_v4SPD16_eabi.lib : boot_cortex_m.c.obj (.text:_c_int00_noargs:_c_int00_noargs)
                  00000fc4    0000002c     driverlib.lib : gpio.obj (.text:GPIODirModeSet)
                  00000ff0    00000024                   : can.obj (.text:_CANDataRegWrite)
                  00001014    00000022                   : can.obj (.text:CANIntClear)
                  00001036    00000020                   : can.obj (.text:CANIntStatus)
                  00001056    00000002     --HOLE-- [fill = 0]
                  00001058    00000020                   : uart.obj (.text:UARTDisable)
                  00001078    0000001a                   : gpio.obj (.text:GPIOPinTypeGPIOOutput)
                  00001092    00000018                   : can.obj (.text:CANIntRegister)
                  000010aa    00000018                   : uart.obj (.text:UARTIntRegister)
                  000010c2    00000016                   : gpio.obj (.text:GPIOPinTypeCAN)
                  000010d8    00000016                   : gpio.obj (.text:GPIOPinTypeUART)
                  000010ee    00000014                   : uart.obj (.text:UARTEnable)
                  00001102    0000000e     rtsv7M4_T_le_v4SPD16_eabi.lib : copy_decompress_none.c.obj (.text:decompress:none:__TI_decompress_none)
                  00001110    0000000c                                   : copy_zero_init.c.obj (.text:decompress:ZI:__TI_zero_init)
                  0000111c    0000000c     tm4c123gh6pm_startup_ccs.obj (.text)
                  00001128    0000000a     driverlib.lib : can.obj (.text:CANEnable)
                  00001132    0000000a                   : uart.obj (.text:UARTCharGet)
                  0000113c    0000000a                   : uart.obj (.text:UARTFIFODisable)
                  00001146    0000000a                   : uart.obj (.text:UARTIntDisable)
                  00001150    0000000a     main.obj (.text)
                  0000115a    00000008     driverlib.lib : can.obj (.text:CANIntEnable)
                  00001162    00000008                   : uart.obj (.text:UARTIntEnable)
                  0000116a    00000006                   : gpio.obj (.text:GPIOPinWrite)
                  00001170    00000006                   : sysctl.obj (.text:SysCtlDelay)
                  00001176    00000004                   : uart.obj (.text:UARTIntClear)
                  0000117a    00000004     rtsv7M4_T_le_v4SPD16_eabi.lib : pre_init.c.obj (.text:_system_pre_init)
                  0000117e    00000004                                   : exit.c.obj (.text:abort:abort)

.const     0    00001184    000001c4     
                  00001184    00000090     driverlib.lib : gpio.obj (.const:g_pui32GPIOBaseAddrs)
                  00001214    0000006c                   : sysctl.obj (.const:g_pui32Xtals)
                  00001280    00000040                   : uart.obj (.const:g_ppui32UARTIntMap)
                  000012c0    00000040                   : uart.obj (.const:g_ppui32UARTIntMapSnowflake)
                  00001300    00000020                   : can.obj (.const:g_ui16CANBitValues)
                  00001320    00000014                   : interrupt.obj (.const:g_pui32Dii16Regs)
                  00001334    00000014                   : interrupt.obj (.const:g_pui32EnRegs)

.cinit     0    00001348    00000048     
                  00001348    00000010     (.cinit..data.load) [load image, compression = lzss]
                  00001358    0000000c     (__TI_handler_table)
                  00001364    00000004     --HOLE-- [fill = 0]
                  00001368    00000008     (.cinit..bss.load) [load image, compression = zero_init]
                  00001370    00000008     (.cinit..vtable.load) [load image, compression = zero_init]
                  00001378    00000018     (__TI_cinit_table)

.init_array 
*          0    00000000    00000000     UNINITIALIZED

.vtable    0    20000000    0000026c     UNINITIALIZED
                  20000000    0000026c     driverlib.lib : interrupt.obj (.vtable)

.bss       0    2000026c    000014f8     UNINITIALIZED
                  2000026c    000014f8     (.common:img_data)

.data      0    20001968    00000018     UNINITIALIZED
                  20001968    00000018     tx.obj (.data)

.stack     0    20001768    00000200     UNINITIALIZED
                  20001768    00000004     rtsv7M4_T_le_v4SPD16_eabi.lib : boot_cortex_m.c.obj (.stack)
                  2000176c    000001fc     --HOLE--

__llvm_prf_cnts 
*          0    20000000    00000000     UNINITIALIZED

MODULE SUMMARY

       Module                         code   ro data   rw data
       ------                         ----   -------   -------
    .\
       tm4c123gh6pm_startup_ccs.obj   12     620       0      
       main.obj                       10     0         0      
    +--+------------------------------+------+---------+---------+
       Total:                         22     620       0      
                                                              
    .\Sender\
       tx.obj                         872    0         5392   
    +--+------------------------------+------+---------+---------+
       Total:                         872    0         5392   
                                                              
    C:/ti/TivaWare_C_Series-2.2.0.295/driverlib/ccs/Debug/driverlib.lib
       interrupt.obj                  260    40        620    
       can.obj                        770    32        0      
       gpio.obj                       560    144       0      
       sysctl.obj                     582    108       0      
       uart.obj                       252    128       0      
    +--+------------------------------+------+---------+---------+
       Total:                         2424   452       620    
                                                              
    C:\ti\ccs1240\ccs\tools\compiler\ti-cgt-arm_20.2.7.LTS\lib\rtsv7M4_T_le_v4SPD16_eabi.lib
       memcpy_t2.asm.obj              156    0         0      
       memset_t2.asm.obj              122    0         0      
       copy_decompress_lzss.c.obj     104    0         0      
       autoinit.c.obj                 68     0         0      
       boot_cortex_m.c.obj            52     0         0      
       copy_decompress_none.c.obj     14     0         0      
       copy_zero_init.c.obj           12     0         0      
       exit.c.obj                     4      0         0      
       pre_init.c.obj                 4      0         0      
    +--+------------------------------+------+---------+---------+
       Total:                         536    0         0      
                                                              
       Stack:                         0      0         512    
       Linker Generated:              0      68        0      
    +--+------------------------------+------+---------+---------+
       Grand Total:                   3854   1140      6524   


LINKER GENERATED COPY TABLES

__TI_cinit_table @ 00001378 records: 3, size/record: 8, table size: 24
	.data: load addr=00001348, load size=00000010 bytes, run addr=20001968, run size=00000018 bytes, compression=lzss
	.bss: load addr=00001368, load size=00000008 bytes, run addr=2000026c, run size=000014f8 bytes, compression=zero_init
	.vtable: load addr=00001370, load size=00000008 bytes, run addr=20000000, run size=0000026c bytes, compression=zero_init


LINKER GENERATED HANDLER TABLE

__TI_handler_table @ 00001358 records: 3, size/record: 4, table size: 12
	index: 0, handler: __TI_zero_init
	index: 1, handler: __TI_decompress_lzss
	index: 2, handler: __TI_decompress_none


GLOBAL SYMBOLS: SORTED ALPHABETICALLY BY Name 

address   name                          
-------   ----                          
0000117f  C$$EXIT                       
00000b95  CANBitRateSet                 
00001129  CANEnable                     
00000eed  CANInit                       
00001015  CANIntClear                   
0000115b  CANIntEnable                  
00000279  CANIntHandler                 
00001093  CANIntRegister                
00001037  CANIntStatus                  
00000741  CANMessageSet                 
00000e6d  CANStatusGet                  
00000fc5  GPIODirModeSet                
000005d5  GPIOPadConfigSet              
00000d95  GPIOPinConfigure              
000010c3  GPIOPinTypeCAN                
00001079  GPIOPinTypeGPIOOutput         
000010d9  GPIOPinTypeUART               
0000116b  GPIOPinWrite                  
00000c01  IntDisable                    
00000c69  IntEnable                     
00000f29  IntRegister                   
0000111d  ResetISR                      
0000026d  SimpleDelay                   
00000871  SysCtlClockGet                
00000989  SysCtlClockSet                
00001171  SysCtlDelay                   
00000f5d  SysCtlPeripheralEnable        
0000031d  TX                            
00001133  UARTCharGet                   
00000de1  UARTConfigSetExpClk           
00001059  UARTDisable                   
000010ef  UARTEnable                    
0000113d  UARTFIFODisable               
00001177  UARTIntClear                  
00001147  UARTIntDisable                
00001163  UARTIntEnable                 
000010ab  UARTIntRegister               
20001968  __STACK_END                   
00000200  __STACK_SIZE                  
20001968  __STACK_TOP                   
00001378  __TI_CINIT_Base               
00001390  __TI_CINIT_Limit              
00001358  __TI_Handler_Table_Base       
00001364  __TI_Handler_Table_Limit      
00000e29  __TI_auto_init_nobinit_nopinit
00000cd1  __TI_decompress_lzss          
00001103  __TI_decompress_none          
ffffffff  __TI_pprof_out_hndl           
ffffffff  __TI_prof_data_size           
ffffffff  __TI_prof_data_start          
00000000  __TI_static_base__            
00001111  __TI_zero_init                
00000b19  __aeabi_memclr                
00000b19  __aeabi_memclr4               
00000b19  __aeabi_memclr8               
00000a7d  __aeabi_memcpy                
00000a7d  __aeabi_memcpy4               
00000a7d  __aeabi_memcpy8               
00000b1b  __aeabi_memset                
00000b1b  __aeabi_memset4               
00000b1b  __aeabi_memset8               
ffffffff  __binit__                     
ffffffff  __c_args__                    
UNDEFED   __mpu_init                    
20001768  __stack                       
20000000  __start___llvm_prf_cnts       
20000000  __stop___llvm_prf_cnts        
00000f91  _c_int00_noargs               
UNDEFED   _system_post_cinit            
0000117b  _system_pre_init              
0000117f  abort                         
ffffffff  binit                         
20001978  counter                       
20001970  data                          
2000196e  end                           
20001971  flag                          
2000196c  g_bErrFlagTX                  
20000000  g_pfnRAMVectors               
00000000  g_pfnVectors                  
20001968  g_ui32MsgCountTX              
2000026c  img_data                      
20001974  index                         
00001151  main                          
00000a7d  memcpy                        
00000b21  memset                        
2000197c  ptr                           
0000050d  recHandler                    
2000196f  reset                         
2000196d  start                         


GLOBAL SYMBOLS: SORTED BY Symbol Address 

address   name                          
-------   ----                          
00000000  __TI_static_base__            
00000000  g_pfnVectors                  
00000200  __STACK_SIZE                  
0000026d  SimpleDelay                   
00000279  CANIntHandler                 
0000031d  TX                            
0000050d  recHandler                    
000005d5  GPIOPadConfigSet              
00000741  CANMessageSet                 
00000871  SysCtlClockGet                
00000989  SysCtlClockSet                
00000a7d  __aeabi_memcpy                
00000a7d  __aeabi_memcpy4               
00000a7d  __aeabi_memcpy8               
00000a7d  memcpy                        
00000b19  __aeabi_memclr                
00000b19  __aeabi_memclr4               
00000b19  __aeabi_memclr8               
00000b1b  __aeabi_memset                
00000b1b  __aeabi_memset4               
00000b1b  __aeabi_memset8               
00000b21  memset                        
00000b95  CANBitRateSet                 
00000c01  IntDisable                    
00000c69  IntEnable                     
00000cd1  __TI_decompress_lzss          
00000d95  GPIOPinConfigure              
00000de1  UARTConfigSetExpClk           
00000e29  __TI_auto_init_nobinit_nopinit
00000e6d  CANStatusGet                  
00000eed  CANInit                       
00000f29  IntRegister                   
00000f5d  SysCtlPeripheralEnable        
00000f91  _c_int00_noargs               
00000fc5  GPIODirModeSet                
00001015  CANIntClear                   
00001037  CANIntStatus                  
00001059  UARTDisable                   
00001079  GPIOPinTypeGPIOOutput         
00001093  CANIntRegister                
000010ab  UARTIntRegister               
000010c3  GPIOPinTypeCAN                
000010d9  GPIOPinTypeUART               
000010ef  UARTEnable                    
00001103  __TI_decompress_none          
00001111  __TI_zero_init                
0000111d  ResetISR                      
00001129  CANEnable                     
00001133  UARTCharGet                   
0000113d  UARTFIFODisable               
00001147  UARTIntDisable                
00001151  main                          
0000115b  CANIntEnable                  
00001163  UARTIntEnable                 
0000116b  GPIOPinWrite                  
00001171  SysCtlDelay                   
00001177  UARTIntClear                  
0000117b  _system_pre_init              
0000117f  C$$EXIT                       
0000117f  abort                         
00001358  __TI_Handler_Table_Base       
00001364  __TI_Handler_Table_Limit      
00001378  __TI_CINIT_Base               
00001390  __TI_CINIT_Limit              
20000000  __start___llvm_prf_cnts       
20000000  __stop___llvm_prf_cnts        
20000000  g_pfnRAMVectors               
2000026c  img_data                      
20001768  __stack                       
20001968  __STACK_END                   
20001968  __STACK_TOP                   
20001968  g_ui32MsgCountTX              
2000196c  g_bErrFlagTX                  
2000196d  start                         
2000196e  end                           
2000196f  reset                         
20001970  data                          
20001971  flag                          
20001974  index                         
20001978  counter                       
2000197c  ptr                           
ffffffff  __TI_pprof_out_hndl           
ffffffff  __TI_prof_data_size           
ffffffff  __TI_prof_data_start          
ffffffff  __binit__                     
ffffffff  __c_args__                    
ffffffff  binit                         
UNDEFED   __mpu_init                    
UNDEFED   _system_post_cinit            

[89 symbols]
